1223
123
123
41
234
123